../Core/Src/main.c:92:6:unpack_reply	40	static
../Core/Src/main.c:235:6:HAL_TIM_PeriodElapsedCallback	16	static
../Core/Src/main.c:240:6:delay_us	16	static
../Core/Src/main.c:246:6:HAL_UART_RxCpltCallback	24	static
../Core/Src/main.c:268:5:main	112	static
../Core/Src/main.c:531:6:SystemClock_Config	88	static
../Core/Src/main.c:578:13:MX_FDCAN1_Init	40	static
../Core/Src/main.c:631:13:MX_SPI1_Init	8	static
../Core/Src/main.c:671:13:MX_TIM2_Init	40	static
../Core/Src/main.c:716:13:MX_TIM4_Init	40	static
../Core/Src/main.c:761:13:MX_USART1_UART_Init	8	static
../Core/Src/main.c:807:13:MX_DMA_Init	16	static
../Core/Src/main.c:826:13:MX_GPIO_Init	40	static
../Core/Src/main.c:858:9:SAEJ1850_CRC8	24	static
../Core/Src/main.c:881:6:int32toBytes	16	static
../Core/Src/main.c:889:16:update_crc	536	static
../Core/Src/main.c:941:6:Error_Handler	4	static,ignoring_inline_asm
