../Core/Src/main.c:93:6:unpack_reply	40	static
../Core/Src/main.c:164:6:HAL_TIM_PeriodElapsedCallback	16	static
../Core/Src/main.c:169:6:delay_us	16	static
../Core/Src/main.c:175:6:HAL_UART_RxCpltCallback	24	static
../Core/Src/main.c:197:5:main	112	static
../Core/Src/main.c:462:6:SystemClock_Config	88	static
../Core/Src/main.c:509:13:MX_FDCAN1_Init	40	static
../Core/Src/main.c:562:13:MX_SPI1_Init	8	static
../Core/Src/main.c:602:13:MX_TIM2_Init	40	static
../Core/Src/main.c:647:13:MX_TIM4_Init	40	static
../Core/Src/main.c:692:13:MX_USART1_UART_Init	8	static
../Core/Src/main.c:738:13:MX_DMA_Init	16	static
../Core/Src/main.c:757:13:MX_GPIO_Init	40	static
../Core/Src/main.c:789:9:SAEJ1850_CRC8	24	static
../Core/Src/main.c:812:6:int32toBytes	16	static
../Core/Src/main.c:820:16:update_crc	536	static
../Core/Src/main.c:872:6:Error_Handler	4	static,ignoring_inline_asm
